=================================
-- break-outside-loop-after.lx Output --
-- EXPECTED: FAIL
=================================

